

Microchip MPLAB XC8 Assembler V3.10 build 20250813170317 
                                                                                               Tue Aug 25 16:22:22 2026

Microchip MPLAB XC8 C Compiler v3.10 (Free license) build 20250813170317 Og1 
     1                           	processor	16F628A
     2                           	pagewidth 120
     3                           	opt	flic
     4                           	psect	nvCOMMON,global,class=COMMON,space=1,delta=1,noexec
     5                           	psect	cinit,global,class=CODE,space=0,merge=1,delta=2
     6                           	psect	cstackCOMMON,global,class=COMMON,space=1,delta=1,noexec
     7                           	psect	maintext,global,class=CODE,space=0,split=1,delta=2
     8                           	psect	text1,local,class=CODE,space=0,merge=1,delta=2
     9                           	psect	config,global,abs,ovrld,class=CONFIG,space=4,delta=2,noexec
    10                           	dabs	1,0x7E,2
    11     0000                     
    12                           ; Generated 26/03/2025 GMT
    13                           ; 
    14                           ; Copyright © 2025, Microchip Technology Inc. and its subsidiaries ("Microchip")
    15                           ; All rights reserved.
    16                           ; 
    17                           ; This software is developed by Microchip Technology Inc. and its subsidiaries ("Microch
      +                          ip").
    18                           ; 
    19                           ; Redistribution and use in source and binary forms, with or without modification, are
    20                           ; permitted provided that the following conditions are met:
    21                           ; 
    22                           ;     1. Redistributions of source code must retain the above copyright notice, this lis
      +                          t of
    23                           ;        conditions and the following disclaimer.
    24                           ; 
    25                           ;     2. Redistributions in binary form must reproduce the above copyright notice, this 
      +                          list
    26                           ;        of conditions and the following disclaimer in the documentation and/or other
    27                           ;        materials provided with the distribution. Publication is not required when
    28                           ;        this file is used in an embedded application.
    29                           ; 
    30                           ;     3. Microchip's name may not be used to endorse or promote products derived from th
      +                          is
    31                           ;        software without specific prior written permission.
    32                           ; 
    33                           ; THIS SOFTWARE IS PROVIDED BY MICROCHIP "AS IS" AND ANY EXPRESS OR IMPLIED WARRANTIES,
    34                           ; INCLUDING, BUT NOT LIMITED TO, THE IMPLIED WARRANTIES OF MERCHANTABILITY AND FITNESS F
      +                          OR
    35                           ; PURPOSE ARE DISCLAIMED.  IN NO EVENT SHALL MICROCHIP BE LIABLE FOR ANY DIRECT, INDIREC
      +                          T,
    36                           ; INCIDENTAL, SPECIAL, EXEMPLARY, OR CONSEQUENTIAL DAMAGES (INCLUDING BUT NOT LIMITED TO
    37                           ; PROCUREMENT OF SUBSTITUTE GOODS OR SERVICES; LOSS OF USE, DATA OR PROFITS; OR BUSINESS
    38                           ; INTERRUPTION) HOWSOEVER CAUSED AND ON ANY THEORY OF LIABILITY, WHETHER IN CONTRACT, ST
      +                          RICT
    39                           ; LIABILITY, OR TORT (INCLUDING NEGLIGENCE OR OTHERWISE) ARISING IN ANY WAY OUT OF THE U
      +                          SE OF
    40                           ; THIS SOFTWARE, EVEN IF ADVISED OF THE POSSIBILITY OF SUCH DAMAGE.
    41                           ; 
    42                           ; 
    43                           ; Code-generator required, PIC16F628A Definitions
    44                           ; 
    45                           ; SFR Addresses
    46     0004                     fsr             equ	4
    47     0004                     fsr0            equ	4
    48     0000                     indf            equ	0
    49     0000                     indf0           equ	0
    50     0002                     pc              equ	2
    51     0002                     pcl             equ	2
    52     000A                     pclath          equ	10
    53     0003                     status          equ	3
    54     0000                     INDF            equ	0	;# 
    55     0001                     TMR0            equ	1	;# 
    56     0002                     PCL             equ	2	;# 
    57     0003                     STATUS          equ	3	;# 
    58     0004                     FSR             equ	4	;# 
    59     0005                     PORTA           equ	5	;# 
    60     0006                     PORTB           equ	6	;# 
    61     000A                     PCLATH          equ	10	;# 
    62     000B                     INTCON          equ	11	;# 
    63     000C                     PIR1            equ	12	;# 
    64     000E                     TMR1            equ	14	;# 
    65     000E                     TMR1L           equ	14	;# 
    66     000F                     TMR1H           equ	15	;# 
    67     0010                     T1CON           equ	16	;# 
    68     0011                     TMR2            equ	17	;# 
    69     0012                     T2CON           equ	18	;# 
    70     0015                     CCPR1           equ	21	;# 
    71     0015                     CCPR1L          equ	21	;# 
    72     0016                     CCPR1H          equ	22	;# 
    73     0017                     CCP1CON         equ	23	;# 
    74     0018                     RCSTA           equ	24	;# 
    75     0019                     TXREG           equ	25	;# 
    76     001A                     RCREG           equ	26	;# 
    77     001F                     CMCON           equ	31	;# 
    78     0081                     OPTION_REG      equ	129	;# 
    79     0085                     TRISA           equ	133	;# 
    80     0086                     TRISB           equ	134	;# 
    81     008C                     PIE1            equ	140	;# 
    82     008E                     PCON            equ	142	;# 
    83     0092                     PR2             equ	146	;# 
    84     0098                     TXSTA           equ	152	;# 
    85     0099                     SPBRG           equ	153	;# 
    86     009A                     EEDATA          equ	154	;# 
    87     009B                     EEADR           equ	155	;# 
    88     009C                     EECON1          equ	156	;# 
    89     009D                     EECON2          equ	157	;# 
    90     009F                     VRCON           equ	159	;# 
    91     0000                     INDF            equ	0	;# 
    92     0001                     TMR0            equ	1	;# 
    93     0002                     PCL             equ	2	;# 
    94     0003                     STATUS          equ	3	;# 
    95     0004                     FSR             equ	4	;# 
    96     0005                     PORTA           equ	5	;# 
    97     0006                     PORTB           equ	6	;# 
    98     000A                     PCLATH          equ	10	;# 
    99     000B                     INTCON          equ	11	;# 
   100     000C                     PIR1            equ	12	;# 
   101     000E                     TMR1            equ	14	;# 
   102     000E                     TMR1L           equ	14	;# 
   103     000F                     TMR1H           equ	15	;# 
   104     0010                     T1CON           equ	16	;# 
   105     0011                     TMR2            equ	17	;# 
   106     0012                     T2CON           equ	18	;# 
   107     0015                     CCPR1           equ	21	;# 
   108     0015                     CCPR1L          equ	21	;# 
   109     0016                     CCPR1H          equ	22	;# 
   110     0017                     CCP1CON         equ	23	;# 
   111     0018                     RCSTA           equ	24	;# 
   112     0019                     TXREG           equ	25	;# 
   113     001A                     RCREG           equ	26	;# 
   114     001F                     CMCON           equ	31	;# 
   115     0081                     OPTION_REG      equ	129	;# 
   116     0085                     TRISA           equ	133	;# 
   117     0086                     TRISB           equ	134	;# 
   118     008C                     PIE1            equ	140	;# 
   119     008E                     PCON            equ	142	;# 
   120     0092                     PR2             equ	146	;# 
   121     0098                     TXSTA           equ	152	;# 
   122     0099                     SPBRG           equ	153	;# 
   123     009A                     EEDATA          equ	154	;# 
   124     009B                     EEADR           equ	155	;# 
   125     009C                     EECON1          equ	156	;# 
   126     009D                     EECON2          equ	157	;# 
   127     009F                     VRCON           equ	159	;# 
   128                           
   129                           	psect	nvCOMMON
   130     007A                     __pnvCOMMON:
   131     007A                     _T1:
   132     007A                     	ds	2
   133     0006                     _PORTBbits      set	6
   134     0006                     _PORTB          set	6
   135     001F                     _CMCON          set	31
   136     0086                     _TRISB          set	134
   137                           
   138                           	psect	cinit
   139     07FE                     start_initialization:	
   140                           ; #config settings
   141                           
   142     07FE                     __initialization:
   143     07FE                     end_of_initialization:	
   144                           ;End of C runtime variable initialization code
   145                           
   146     07FE                     __end_of__initialization:
   147     07FE  0183               	clrf	3
   148     07FF  2F75               	ljmp	_main	;jump to C main() function
   149                           
   150                           	psect	cstackCOMMON
   151     0070                     __pcstackCOMMON:
   152     0070                     ?_delay_segundos:
   153     0070                     ?_main:	
   154                           ; 1 bytes @ 0x0
   155                           
   156     0070                     delay_segundos@segundos:	
   157                           ; 1 bytes @ 0x0
   158                           
   159                           
   160                           ; 2 bytes @ 0x0
   161     0070                     	ds	2
   162     0072                     ??_delay_segundos:
   163                           
   164                           ; 1 bytes @ 0x2
   165     0072                     	ds	3
   166     0075                     delay_segundos@i:
   167                           
   168                           ; 2 bytes @ 0x5
   169     0075                     	ds	2
   170     0077                     ??_main:
   171                           
   172                           ; 1 bytes @ 0x7
   173     0077                     	ds	3
   174                           
   175                           	psect	maintext
   176     0775                     __pmaintext:	
   177 ;;
   178 ;;Main: autosize = 0, tempsize = 3, incstack = 0, save=0
   179 ;;
   180 ;; *************** function _main *****************
   181 ;; Defined at:
   182 ;;		line 50 in file "newmain.c"
   183 ;; Parameters:    Size  Location     Type
   184 ;;		None
   185 ;; Auto vars:     Size  Location     Type
   186 ;;		None
   187 ;; Return value:  Size  Location     Type
   188 ;;                  1    wreg      void 
   189 ;; Registers used:
   190 ;;		wreg, status,2, status,0, pclath, btemp1, cstack
   191 ;; Tracked objects:
   192 ;;		On entry : B00/0
   193 ;;		On exit  : 0/0
   194 ;;		Unchanged: 0/0
   195 ;; Data sizes:     COMMON   BANK0   BANK1   BANK2
   196 ;;      Params:         0       0       0       0
   197 ;;      Locals:         0       0       0       0
   198 ;;      Temps:          3       0       0       0
   199 ;;      Totals:         3       0       0       0
   200 ;;Total ram usage:        3 bytes
   201 ;; Hardware stack levels required when called: 1
   202 ;; This function calls:
   203 ;;		_delay_segundos
   204 ;; This function is called by:
   205 ;;		Startup code after reset
   206 ;; This function uses a non-reentrant model
   207 ;;
   208                           
   209     0775                     _main:	
   210                           ;psect for function _main
   211                           
   212     0775                     l639:	
   213                           ;incstack = 0
   214                           ; Regs used in _main: [wreg+status,2+status,0+pclath+btemp1+cstack]
   215                           
   216                           
   217                           ;newmain.c: 52:    TRISB=0b00001111;
   218     0775  300F               	movlw	15
   219     0776  1683               	bsf	3,5	;RP0=1, select bank1
   220     0777  1303               	bcf	3,6	;RP1=0, select bank1
   221     0778  0086               	movwf	6	;volatile
   222                           
   223                           ;newmain.c: 53:    CMCON=0x07;
   224     0779  3007               	movlw	7
   225     077A  1283               	bcf	3,5	;RP0=0, select bank0
   226     077B  1303               	bcf	3,6	;RP1=0, select bank0
   227     077C  009F               	movwf	31	;volatile
   228     077D                     l641:
   229                           
   230                           ;newmain.c: 54:    PORTB=0x00;
   231     077D  0186               	clrf	6	;volatile
   232     077E                     l643:
   233                           
   234                           ;newmain.c: 61:     PORTBbits.RB4 = 0;
   235     077E  1283               	bcf	3,5	;RP0=0, select bank0
   236     077F  1303               	bcf	3,6	;RP1=0, select bank0
   237     0780  1206               	bcf	6,4	;volatile
   238     0781                     l645:
   239                           
   240                           ;newmain.c: 62:     PORTBbits.RB5 = 0;
   241     0781  1286               	bcf	6,5	;volatile
   242     0782                     l647:
   243                           
   244                           ;newmain.c: 63:     PORTBbits.RB6 = 0;
   245     0782  1306               	bcf	6,6	;volatile
   246     0783                     l649:
   247                           
   248                           ;newmain.c: 64:     PORTBbits.RB7 = 0;
   249     0783  1386               	bcf	6,7	;volatile
   250                           
   251                           ;newmain.c: 65:     T1 = 0;
   252     0784  01FA               	clrf	_T1
   253     0785  01FB               	clrf	_T1+1
   254     0786                     l651:
   255                           
   256                           ;newmain.c: 69:         if (PORTBbits.RB3 == 1) {
   257     0786  1283               	bcf	3,5	;RP0=0, select bank0
   258     0787  1303               	bcf	3,6	;RP1=0, select bank0
   259     0788  1D86               	btfss	6,3	;volatile
   260     0789  2F8B               	goto	u151
   261     078A  2F8C               	goto	u150
   262     078B                     u151:
   263     078B  2F8E               	goto	l25
   264     078C                     u150:
   265     078C                     l653:
   266                           
   267                           ;newmain.c: 70:             PORTBbits.RB4 = 1;
   268     078C  1606               	bsf	6,4	;volatile
   269                           
   270                           ;newmain.c: 71:             PORTBbits.RB5 = 1;
   271     078D  1686               	bsf	6,5	;volatile
   272     078E                     l25:	
   273                           ;newmain.c: 72:         }
   274                           
   275                           
   276                           ;newmain.c: 75:         if (PORTBbits.RB2 == 1) {
   277     078E  1D06               	btfss	6,2	;volatile
   278     078F  2F91               	goto	u161
   279     0790  2F92               	goto	u160
   280     0791                     u161:
   281     0791  2F94               	goto	l26
   282     0792                     u160:
   283     0792                     l655:
   284                           
   285                           ;newmain.c: 76:             PORTBbits.RB4 = 1;
   286     0792  1606               	bsf	6,4	;volatile
   287                           
   288                           ;newmain.c: 77:             PORTBbits.RB6 = 1;
   289     0793  1706               	bsf	6,6	;volatile
   290     0794                     l26:	
   291                           ;newmain.c: 78:         }
   292                           
   293                           
   294                           ;newmain.c: 81:         if (PORTBbits.RB1 == 1) {
   295     0794  1C86               	btfss	6,1	;volatile
   296     0795  2F97               	goto	u171
   297     0796  2F98               	goto	u170
   298     0797                     u171:
   299     0797  2F9A               	goto	l27
   300     0798                     u170:
   301     0798                     l657:
   302                           
   303                           ;newmain.c: 82:             PORTBbits.RB4 = 1;
   304     0798  1606               	bsf	6,4	;volatile
   305                           
   306                           ;newmain.c: 83:             PORTBbits.RB7 = 1;
   307     0799  1786               	bsf	6,7	;volatile
   308     079A                     l27:	
   309                           ;newmain.c: 84:         }
   310                           
   311                           
   312                           ;newmain.c: 87:         if (PORTBbits.RB3 == 0 && PORTBbits.RB2 == 0 && PORTBbits.RB1 ==
      +                           0) {
   313     079A  1986               	btfsc	6,3	;volatile
   314     079B  2F9D               	goto	u181
   315     079C  2F9E               	goto	u180
   316     079D                     u181:
   317     079D  2FAC               	goto	l667
   318     079E                     u180:
   319     079E                     l659:
   320     079E  1906               	btfsc	6,2	;volatile
   321     079F  2FA1               	goto	u191
   322     07A0  2FA2               	goto	u190
   323     07A1                     u191:
   324     07A1  2FAC               	goto	l667
   325     07A2                     u190:
   326     07A2                     l661:
   327     07A2  1886               	btfsc	6,1	;volatile
   328     07A3  2FA5               	goto	u201
   329     07A4  2FA6               	goto	u200
   330     07A5                     u201:
   331     07A5  2FAC               	goto	l667
   332     07A6                     u200:
   333     07A6                     l663:
   334                           
   335                           ;newmain.c: 88:             PORTBbits.RB4 = 0;
   336     07A6  1206               	bcf	6,4	;volatile
   337     07A7                     l665:
   338                           
   339                           ;newmain.c: 89:             delay_segundos(5);
   340     07A7  3005               	movlw	5
   341     07A8  00F0               	movwf	delay_segundos@segundos
   342     07A9  3000               	movlw	0
   343     07AA  00F1               	movwf	delay_segundos@segundos+1
   344     07AB  2750               	fcall	_delay_segundos
   345     07AC                     l667:
   346                           
   347                           ;newmain.c: 93:         if (PORTBbits.RB3 == 0) {
   348     07AC  1283               	bcf	3,5	;RP0=0, select bank0
   349     07AD  1303               	bcf	3,6	;RP1=0, select bank0
   350     07AE  1986               	btfsc	6,3	;volatile
   351     07AF  2FB1               	goto	u211
   352     07B0  2FB2               	goto	u210
   353     07B1                     u211:
   354     07B1  2FB3               	goto	l29
   355     07B2                     u210:
   356     07B2                     l669:
   357                           
   358                           ;newmain.c: 94:             PORTBbits.RB5 = 0;
   359     07B2  1286               	bcf	6,5	;volatile
   360     07B3                     l29:	
   361                           ;newmain.c: 95:         }
   362                           
   363                           
   364                           ;newmain.c: 98:         if (PORTBbits.RB2 == 0) {
   365     07B3  1906               	btfsc	6,2	;volatile
   366     07B4  2FB6               	goto	u221
   367     07B5  2FB7               	goto	u220
   368     07B6                     u221:
   369     07B6  2FB8               	goto	l30
   370     07B7                     u220:
   371     07B7                     l671:
   372                           
   373                           ;newmain.c: 99:             PORTBbits.RB6 = 0;
   374     07B7  1306               	bcf	6,6	;volatile
   375     07B8                     l30:	
   376                           ;newmain.c: 100:         }
   377                           
   378                           
   379                           ;newmain.c: 103:         if (PORTBbits.RB1 == 0) {
   380     07B8  1886               	btfsc	6,1	;volatile
   381     07B9  2FBB               	goto	u231
   382     07BA  2FBC               	goto	u230
   383     07BB                     u231:
   384     07BB  2FBD               	goto	l31
   385     07BC                     u230:
   386     07BC                     l673:
   387                           
   388                           ;newmain.c: 104:             PORTBbits.RB7 = 0;
   389     07BC  1386               	bcf	6,7	;volatile
   390     07BD                     l31:	
   391                           ;newmain.c: 105:         }
   392                           
   393                           
   394                           ;newmain.c: 108:         if (PORTBbits.RB0 == 0 && PORTBbits.RB4 == 1) {
   395     07BD  1806               	btfsc	6,0	;volatile
   396     07BE  2FC0               	goto	u241
   397     07BF  2FC1               	goto	u240
   398     07C0                     u241:
   399     07C0  2FF1               	goto	l685
   400     07C1                     u240:
   401     07C1                     l675:
   402     07C1  1E06               	btfss	6,4	;volatile
   403     07C2  2FC4               	goto	u251
   404     07C3  2FC5               	goto	u250
   405     07C4                     u251:
   406     07C4  2FF1               	goto	l685
   407     07C5                     u250:
   408     07C5                     l677:
   409                           
   410                           ;newmain.c: 109:             _delay((unsigned long)((1000)*(4000000/4000.0)));
   411     07C5  3006               	movlw	6
   412     07C6  00F9               	movwf	??_main+2
   413     07C7  3013               	movlw	19
   414     07C8  00F8               	movwf	??_main+1
   415     07C9  30AD               	movlw	173
   416     07CA  00F7               	movwf	??_main
   417     07CB                     u277:
   418     07CB  0BF7               	decfsz	??_main,f
   419     07CC  2FCB               	goto	u277
   420     07CD  0BF8               	decfsz	??_main+1,f
   421     07CE  2FCB               	goto	u277
   422     07CF  0BF9               	decfsz	??_main+2,f
   423     07D0  2FCB               	goto	u277
   424     07D1  2FD2               	nop2
   425                           
   426                           ;newmain.c: 110:             T1++;
   427     07D2  3001               	movlw	1
   428     07D3  07FA               	addwf	_T1,f
   429     07D4  1803               	skipnc
   430     07D5  0AFB               	incf	_T1+1,f
   431     07D6  3000               	movlw	0
   432     07D7  07FB               	addwf	_T1+1,f
   433     07D8                     l679:
   434                           
   435                           ;newmain.c: 113:             if (T1 >= 15) {
   436     07D8  087B               	movf	_T1+1,w
   437     07D9  3A80               	xorlw	128
   438     07DA  00FF               	movwf	btemp1
   439     07DB  3080               	movlw	128
   440     07DC  027F               	subwf	btemp1,w
   441     07DD  1D03               	skipz
   442     07DE  2FE1               	goto	u265
   443     07DF  300F               	movlw	15
   444     07E0  027A               	subwf	_T1,w
   445     07E1                     u265:
   446     07E1  1C03               	skipc
   447     07E2  2FE4               	goto	u261
   448     07E3  2FE5               	goto	u260
   449     07E4                     u261:
   450     07E4  2FF3               	goto	l687
   451     07E5                     u260:
   452     07E5                     l681:
   453                           
   454                           ;newmain.c: 114:                 PORTBbits.RB4 = 0;
   455     07E5  1283               	bcf	3,5	;RP0=0, select bank0
   456     07E6  1303               	bcf	3,6	;RP1=0, select bank0
   457     07E7  1206               	bcf	6,4	;volatile
   458                           
   459                           ;newmain.c: 115:                 PORTBbits.RB5 = 0;
   460     07E8  1286               	bcf	6,5	;volatile
   461                           
   462                           ;newmain.c: 116:                 PORTBbits.RB6 = 0;
   463     07E9  1306               	bcf	6,6	;volatile
   464                           
   465                           ;newmain.c: 117:                 PORTBbits.RB7 = 0;
   466     07EA  1386               	bcf	6,7	;volatile
   467     07EB                     l683:
   468                           
   469                           ;newmain.c: 119:                 delay_segundos(1800);
   470     07EB  3008               	movlw	8
   471     07EC  00F0               	movwf	delay_segundos@segundos
   472     07ED  3007               	movlw	7
   473     07EE  00F1               	movwf	delay_segundos@segundos+1
   474     07EF  2750               	fcall	_delay_segundos
   475                           
   476                           ;newmain.c: 120:                 goto inicio;
   477     07F0  2F7E               	goto	l643
   478     07F1                     l685:
   479                           
   480                           ;newmain.c: 123:             T1 = 0;
   481     07F1  01FA               	clrf	_T1
   482     07F2  01FB               	clrf	_T1+1
   483     07F3                     l687:
   484                           
   485                           ;newmain.c: 127:         _delay((unsigned long)((10)*(4000000/4000.0)));
   486     07F3  300D               	movlw	13
   487     07F4  00F8               	movwf	??_main+1
   488     07F5  30FB               	movlw	251
   489     07F6  00F7               	movwf	??_main
   490     07F7                     u287:
   491     07F7  0BF7               	decfsz	??_main,f
   492     07F8  2FF7               	goto	u287
   493     07F9  0BF8               	decfsz	??_main+1,f
   494     07FA  2FF7               	goto	u287
   495     07FB  2FFC               	nop2
   496     07FC  2F86               	goto	l651
   497     07FD  2800               	ljmp	start
   498     07FE                     __end_of_main:
   499                           
   500                           	psect	text1
   501     0750                     __ptext1:	
   502 ;; *************** function _delay_segundos *****************
   503 ;; Defined at:
   504 ;;		line 44 in file "newmain.c"
   505 ;; Parameters:    Size  Location     Type
   506 ;;  segundos        2    0[COMMON] int 
   507 ;; Auto vars:     Size  Location     Type
   508 ;;  i               2    5[COMMON] int 
   509 ;; Return value:  Size  Location     Type
   510 ;;                  1    wreg      void 
   511 ;; Registers used:
   512 ;;		wreg, status,2
   513 ;; Tracked objects:
   514 ;;		On entry : 0/0
   515 ;;		On exit  : 0/0
   516 ;;		Unchanged: 0/0
   517 ;; Data sizes:     COMMON   BANK0   BANK1   BANK2
   518 ;;      Params:         2       0       0       0
   519 ;;      Locals:         2       0       0       0
   520 ;;      Temps:          3       0       0       0
   521 ;;      Totals:         7       0       0       0
   522 ;;Total ram usage:        7 bytes
   523 ;; Hardware stack levels used: 1
   524 ;; This function calls:
   525 ;;		Nothing
   526 ;; This function is called by:
   527 ;;		_main
   528 ;; This function uses a non-reentrant model
   529 ;;
   530                           
   531     0750                     _delay_segundos:	
   532                           ;psect for function _delay_segundos
   533                           
   534     0750                     l635:	
   535                           ;incstack = 0
   536                           ; Regs used in _delay_segundos: [wreg+status,2]
   537                           
   538                           
   539                           ;newmain.c: 45:     for (int i = 0; i < segundos; i++) {
   540     0750  01F5               	clrf	delay_segundos@i
   541     0751  01F6               	clrf	delay_segundos@i+1
   542     0752  2F66               	goto	l15
   543     0753                     l637:
   544                           
   545                           ;newmain.c: 46:         _delay((unsigned long)((1000)*(4000000/4000.0)));
   546     0753  3006               	movlw	6
   547     0754  00F4               	movwf	??_delay_segundos+2
   548     0755  3013               	movlw	19
   549     0756  00F3               	movwf	??_delay_segundos+1
   550     0757  30AD               	movlw	173
   551     0758  00F2               	movwf	??_delay_segundos
   552     0759                     u297:
   553     0759  0BF2               	decfsz	??_delay_segundos,f
   554     075A  2F59               	goto	u297
   555     075B  0BF3               	decfsz	??_delay_segundos+1,f
   556     075C  2F59               	goto	u297
   557     075D  0BF4               	decfsz	??_delay_segundos+2,f
   558     075E  2F59               	goto	u297
   559     075F  2F60               	nop2
   560                           
   561                           ;newmain.c: 47:     }
   562     0760  3001               	movlw	1
   563     0761  07F5               	addwf	delay_segundos@i,f
   564     0762  1803               	skipnc
   565     0763  0AF6               	incf	delay_segundos@i+1,f
   566     0764  3000               	movlw	0
   567     0765  07F6               	addwf	delay_segundos@i+1,f
   568     0766                     l15:
   569     0766  0876               	movf	delay_segundos@i+1,w
   570     0767  3A80               	xorlw	128
   571     0768  00F2               	movwf	??_delay_segundos
   572     0769  0871               	movf	delay_segundos@segundos+1,w
   573     076A  3A80               	xorlw	128
   574     076B  0272               	subwf	??_delay_segundos,w
   575     076C  1D03               	skipz
   576     076D  2F70               	goto	u145
   577     076E  0870               	movf	delay_segundos@segundos,w
   578     076F  0275               	subwf	delay_segundos@i,w
   579     0770                     u145:
   580     0770  1C03               	skipc
   581     0771  2F73               	goto	u141
   582     0772  2F74               	goto	u140
   583     0773                     u141:
   584     0773  2F53               	goto	l637
   585     0774                     u140:
   586     0774                     l18:
   587     0774  0008               	return
   588     0775                     __end_of_delay_segundos:
   589     0000                     ___latbits      equ	0
   590     007E                     btemp           set	126	;btemp
   591     007E                     btemp0          set	126
   592     007F                     btemp1          set	127
   593     007E                     wtemp0          set	126
   594     007F                     wtemp0a         set	127
   595     007F                     ttemp0a         set	127
   596     0080                     ltemp0a         set	128
   597                           
   598                           	psect	config
   599                           
   600                           ;Config register CONFIG @ 0x2007
   601                           ;	Oscillator Selection bits
   602                           ;	FOSC = XT, XT oscillator: Crystal/resonator on RA6/OSC2/CLKOUT and RA7/OSC1/CLKIN
   603                           ;	Watchdog Timer Enable bit
   604                           ;	WDTE = OFF, WDT disabled
   605                           ;	Power-up Timer Enable bit
   606                           ;	PWRTE = ON, PWRT enabled
   607                           ;	RA5/MCLR/VPP Pin Function Select bit
   608                           ;	MCLRE = ON, RA5/MCLR/VPP pin function is MCLR
   609                           ;	Brown-out Detect Enable bit
   610                           ;	BOREN = ON, BOD enabled
   611                           ;	Low-Voltage Programming Enable bit
   612                           ;	LVP = OFF, RB4/PGM pin has digital I/O function, HV on MCLR must be used for programmi
      +                          ng
   613                           ;	Data EE Memory Code Protection bit
   614                           ;	CPD = OFF, Data memory code protection off
   615                           ;	Flash Program Memory Code Protection bit
   616                           ;	CP = OFF, Code protection off
   617     2007                     	org	8199
   618     2007  3F61               	dw	16225

Data Sizes:
    Strings     0
    Constant    0
    Data        0
    BSS         0
    Persistent  2
    Stack       0

Auto Spaces:
    Space          Size  Autos    Used
    COMMON           14     10      12
    BANK0            80      0       0
    BANK1            80      0       0
    BANK2            48      0       0

Pointer List with Targets:

    None.

Critical Paths under _main in COMMON

    _main->_delay_segundos

Critical Paths under _main in BANK0

    None.

Critical Paths under _main in BANK1

    None.

Critical Paths under _main in BANK2

    None.

Call Graph Tables:

 ---------------------------------------------------------------------------------
 (Depth) Function   	        Calls       Base Space   Used Autos Params    Refs
 ---------------------------------------------------------------------------------
 (0) _main                                                 3     3      0      48
                                              7 COMMON     3     3      0
                     _delay_segundos
 ---------------------------------------------------------------------------------
 (1) _delay_segundos                                       7     5      2      48
                                              0 COMMON     7     5      2
 ---------------------------------------------------------------------------------
 Estimated maximum stack depth 1
 ---------------------------------------------------------------------------------

 Call Graph Graphs:

 _main (ROOT)
   _delay_segundos

Address spaces:
Name               Size   Autos  Total    Usage
BITCOMMON           14      0       0      0.0%
BITBANK0            80      0       0      0.0%
BITBANK1            80      0       0      0.0%
BITBANK2            48      0       0      0.0%
COMMON              14     10      12     85.7%
BANK0               80      0       0      0.0%
BANK1               80      0       0      0.0%
BANK2               48      0       0      0.0%
STACK                0      0       0      0.0%
DATA                 0      0      12      0.0%


Microchip Technology PIC Macro Assembler V3.10 build 20250813170317 
Symbol Table                                                                                   Tue Aug 25 16:22:22 2026

                     l30 07B8                       l15 0766                       l31 07BD  
                     l25 078E                       l18 0774                       l26 0794  
                     l27 079A                       l29 07B3                       _T1 007A  
                    l641 077D                      l635 0750                      l651 0786  
                    l643 077E                      l637 0753                      l661 07A2  
                    l653 078C                      l645 0781                      l671 07B7  
                    l663 07A6                      l655 0792                      l647 0782  
                    l639 0775                      l681 07E5                      l673 07BC  
                    l665 07A7                      l657 0798                      l649 0783  
                    l683 07EB                      l675 07C1                      l659 079E  
                    l667 07AC                      l677 07C5                      l685 07F1  
                    l669 07B2                      l687 07F3                      l679 07D8  
                    u200 07A6                      u201 07A5                      u210 07B2  
                    u211 07B1                      u140 0774                      u220 07B7  
                    u141 0773                      u221 07B6                      u230 07BC  
                    u150 078C                      u231 07BB                      u151 078B  
                    u240 07C1                      u160 0792                      u145 0770  
                    u241 07C0                      u161 0791                      u250 07C5  
                    u170 0798                      u251 07C4                      u171 0797  
                    u260 07E5                      u180 079E                      u261 07E4  
                    u181 079D                      u190 07A2                      u191 07A1  
                    u265 07E1                      u277 07CB                      u287 07F7  
                    u297 0759                     _main 0775                     btemp 007E  
                   start 0000                    ?_main 0070                    _CMCON 001F  
                  _PORTB 0006                    _TRISB 0086                    btemp0 007E  
                  btemp1 007F                    status 0003                    wtemp0 007E  
        __initialization 07FE             __end_of_main 07FE                   ??_main 0077  
                 ltemp0a 0080                   ttemp0a 007F                   wtemp0a 007F  
__end_of__initialization 07FE           __pcstackCOMMON 0070          delay_segundos@i 0075  
         _delay_segundos 0750               __pnvCOMMON 007A               __pmaintext 0775  
 __end_of_delay_segundos 0775   delay_segundos@segundos 0070                  __ptext1 0750  
        ?_delay_segundos 0070     end_of_initialization 07FE                _PORTBbits 0006  
    start_initialization 07FE                ___latbits 0000         ??_delay_segundos 0072  
